[app.namor-ia.com/orgia/index.html]
[backblue.gif]
[fade.gif]
[index.html]
[app.namor-ia.com/wp-content/themes/hello-elementor/assets/css/resetedb1.css]
[app.namor-ia.com/wp-content/themes/hello-elementor/assets/css/themeedb1.css]
[app.namor-ia.com/wp-content/themes/hello-elementor/assets/css/header-footeredb1.css]
[app.namor-ia.com/wp-content/plugins/elementor/assets/css/frontend.min20c8.css]
[app.namor-ia.com/wp-content/uploads/elementor/css/post-1599bd.css]
[app.namor-ia.com/wp-content/plugins/elementor/assets/lib/eicons/css/elementor-icons.mine085.css]
[app.namor-ia.com/wp-content/plugins/elementor-pro/assets/css/frontend.min3fd0.css]
[app.namor-ia.com/wp-content/plugins/elementor/assets/css/widget-heading.min20c8.css]
[app.namor-ia.com/wp-content/plugins/elementor/assets/css/widget-divider.min20c8.css]
[app.namor-ia.com/wp-content/uploads/elementor/css/post-967cd32.css]
[app.namor-ia.com/wp-content/plugins/ultimate-member/assets/css/um-modal.min4d48.css]
[app.namor-ia.com/wp-content/plugins/ultimate-member/assets/libs/jquery-ui/jquery-ui.min3f14.css]
[app.namor-ia.com/wp-content/plugins/ultimate-member/assets/libs/tipsy/tipsy.mina677.css]
[app.namor-ia.com/wp-content/plugins/ultimate-member/assets/libs/raty/um-raty.mind315.css]
[app.namor-ia.com/wp-content/plugins/ultimate-member/assets/libs/select2/select2.min4819.css]
[app.namor-ia.com/wp-content/plugins/ultimate-member/assets/css/um-fileupload.min4d48.css]
[app.namor-ia.com/wp-content/plugins/ultimate-member/assets/libs/um-confirm/um-confirm.min5152.css]
[app.namor-ia.com/wp-content/plugins/ultimate-member/assets/libs/pickadate/default.min822f.css]
[app.namor-ia.com/wp-content/plugins/ultimate-member/assets/libs/pickadate/default.date.min822f.css]
[app.namor-ia.com/wp-content/plugins/ultimate-member/assets/libs/pickadate/default.time.min822f.css]
[app.namor-ia.com/wp-content/plugins/ultimate-member/assets/libs/legacy/fonticons/fonticons-ii.min4d48.css]
[app.namor-ia.com/wp-content/plugins/ultimate-member/assets/libs/legacy/fonticons/fonticons-fa.min4d48.css]
[app.namor-ia.com/wp-content/plugins/ultimate-member/assets/css/um-fontawesome.mine63c.css]
[app.namor-ia.com/wp-content/plugins/ultimate-member/assets/css/common.min4d48.css]
[app.namor-ia.com/wp-content/plugins/ultimate-member/assets/css/um-responsive.min4d48.css]
[app.namor-ia.com/wp-content/plugins/ultimate-member/assets/css/um-styles.min4d48.css]
[app.namor-ia.com/wp-content/plugins/ultimate-member/assets/libs/cropper/cropper.min51a2.css]
[app.namor-ia.com/wp-content/plugins/ultimate-member/assets/css/um-profile.min4d48.css]
[app.namor-ia.com/wp-content/plugins/ultimate-member/assets/css/um-account.min4d48.css]
[app.namor-ia.com/wp-content/plugins/ultimate-member/assets/css/um-misc.min4d48.css]
[app.namor-ia.com/wp-content/plugins/ultimate-member/assets/css/um-old-default.min4d48.css]
[app.namor-ia.com/wp-content/uploads/elementor/google-fonts/css/roboto6622.css]
[app.namor-ia.com/wp-content/uploads/elementor/google-fonts/css/robotoslabbc7d.css]
[app.namor-ia.com/wp-includes/js/jquery/jquery.minf43b.js]
[app.namor-ia.com/wp-includes/js/jquery/jquery-migrate.min5589.js]
[app.namor-ia.com/wp-content/plugins/ultimate-member/assets/js/um-gdpr.min4d48.js]
[app.namor-ia.com/wp-content/uploads/2025/08/AVISO-PNG-1024x108.png]
[player.pandavideo.com.br/api.v2.js]
[ajax.googleapis.com/ajax/libs/jquery/3.4.1/jquery.min.js]
[app.namor-ia.com/wp-content/themes/hello-elementor/assets/js/hello-frontendedb1.js]
[app.namor-ia.com/wp-content/plugins/elementor/assets/js/webpack.runtime.min20c8.js]
[app.namor-ia.com/wp-content/plugins/elementor/assets/js/frontend-modules.min20c8.js]
[app.namor-ia.com/wp-includes/js/jquery/ui/core.minb37e.js]
[app.namor-ia.com/wp-content/plugins/elementor/assets/js/frontend.min20c8.js]
[app.namor-ia.com/wp-includes/js/underscore.min3ab8.js]
[app.namor-ia.com/wp-includes/js/wp-util.min32d4.js]
[app.namor-ia.com/wp-includes/js/dist/hooks.min4fdd.js]
[app.namor-ia.com/wp-includes/js/dist/i18n.minc33c.js]
[app.namor-ia.com/wp-content/plugins/ultimate-member/assets/libs/tipsy/tipsy.mina677.js]
[app.namor-ia.com/wp-content/plugins/ultimate-member/assets/libs/um-confirm/um-confirm.min5152.js]
[app.namor-ia.com/wp-content/plugins/ultimate-member/assets/libs/pickadate/picker.min822f.js]
[app.namor-ia.com/wp-content/plugins/ultimate-member/assets/libs/pickadate/picker.date.min822f.js]
[app.namor-ia.com/wp-content/plugins/ultimate-member/assets/libs/pickadate/picker.time.min822f.js]
[app.namor-ia.com/wp-content/plugins/ultimate-member/assets/libs/pickadate/translations/pt_BR.min822f.js]
[app.namor-ia.com/wp-content/plugins/ultimate-member/assets/js/common.min4d48.js]
[app.namor-ia.com/wp-content/plugins/ultimate-member/assets/libs/cropper/cropper.min51a2.js]
[app.namor-ia.com/wp-content/plugins/ultimate-member/assets/js/common-frontend.min4d48.js]
[app.namor-ia.com/wp-content/plugins/ultimate-member/assets/js/um-modal.min4d48.js]
[app.namor-ia.com/wp-content/plugins/ultimate-member/assets/libs/jquery-form/jquery-form.min4d48.js]
[app.namor-ia.com/wp-content/plugins/ultimate-member/assets/libs/fileupload/fileupload4d48.js]
[app.namor-ia.com/orgia/index.html]
[app.namor-ia.com/wp-content/themes/hello-elementor/assets/css/resetedb1.css]
[app.namor-ia.com/wp-content/themes/hello-elementor/assets/css/themeedb1.css]
[app.namor-ia.com/wp-content/themes/hello-elementor/assets/css/header-footeredb1.css]
[app.namor-ia.com/wp-content/plugins/elementor/assets/css/frontend.min20c8.css]
[app.namor-ia.com/wp-content/uploads/elementor/css/post-1599bd.css]
[app.namor-ia.com/wp-content/plugins/elementor/assets/lib/eicons/css/elementor-icons.mine085.css]
[app.namor-ia.com/wp-content/plugins/elementor-pro/assets/css/frontend.min3fd0.css]
[app.namor-ia.com/wp-content/plugins/elementor/assets/css/widget-heading.min20c8.css]
[app.namor-ia.com/wp-content/plugins/elementor/assets/css/widget-image.min20c8.css]
[app.namor-ia.com/wp-content/plugins/elementor/assets/css/widget-divider.min20c8.css]
[app.namor-ia.com/wp-content/uploads/elementor/css/post-967cd32.css]
[app.namor-ia.com/wp-content/plugins/ultimate-member/assets/css/um-modal.min4d48.css]
[app.namor-ia.com/wp-content/plugins/ultimate-member/assets/libs/jquery-ui/jquery-ui.min3f14.css]
[app.namor-ia.com/wp-content/plugins/ultimate-member/assets/libs/tipsy/tipsy.mina677.css]
[app.namor-ia.com/wp-content/plugins/ultimate-member/assets/libs/raty/um-raty.mind315.css]
[app.namor-ia.com/wp-content/plugins/ultimate-member/assets/libs/select2/select2.min4819.css]
[app.namor-ia.com/wp-content/plugins/ultimate-member/assets/css/um-fileupload.min4d48.css]
[app.namor-ia.com/wp-content/plugins/ultimate-member/assets/libs/um-confirm/um-confirm.min5152.css]
[app.namor-ia.com/wp-content/plugins/ultimate-member/assets/libs/pickadate/default.min822f.css]
[app.namor-ia.com/wp-content/plugins/ultimate-member/assets/libs/pickadate/default.date.min822f.css]
[app.namor-ia.com/wp-content/plugins/ultimate-member/assets/libs/pickadate/default.time.min822f.css]
[app.namor-ia.com/wp-content/plugins/ultimate-member/assets/libs/legacy/fonticons/fonticons-ii.min4d48.css]
[app.namor-ia.com/wp-content/plugins/ultimate-member/assets/libs/legacy/fonticons/fonticons-fa.min4d48.css]
[app.namor-ia.com/wp-content/plugins/ultimate-member/assets/css/um-fontawesome.mine63c.css]
[app.namor-ia.com/wp-content/plugins/ultimate-member/assets/css/common.min4d48.css]
[app.namor-ia.com/wp-content/plugins/ultimate-member/assets/css/um-responsive.min4d48.css]
[app.namor-ia.com/wp-content/plugins/ultimate-member/assets/css/um-styles.min4d48.css]
[app.namor-ia.com/wp-content/plugins/ultimate-member/assets/libs/cropper/cropper.min51a2.css]
[app.namor-ia.com/wp-content/plugins/ultimate-member/assets/css/um-profile.min4d48.css]
[app.namor-ia.com/wp-content/plugins/ultimate-member/assets/css/um-account.min4d48.css]
[app.namor-ia.com/wp-content/plugins/ultimate-member/assets/css/um-misc.min4d48.css]
[app.namor-ia.com/wp-content/plugins/ultimate-member/assets/css/um-old-default.min4d48.css]
[app.namor-ia.com/wp-content/uploads/elementor/google-fonts/css/roboto6622.css]
[app.namor-ia.com/wp-content/uploads/elementor/google-fonts/css/robotoslabbc7d.css]
[app.namor-ia.com/wp-includes/js/jquery/jquery.minf43b.js]
[app.namor-ia.com/wp-includes/js/jquery/jquery-migrate.min5589.js]
[app.namor-ia.com/wp-content/plugins/ultimate-member/assets/js/um-gdpr.min4d48.js]
[app.namor-ia.com/wp-content/themes/hello-elementor/assets/js/hello-frontendedb1.js]
[app.namor-ia.com/wp-content/plugins/elementor/assets/js/webpack.runtime.min20c8.js]
[app.namor-ia.com/wp-content/plugins/elementor/assets/js/frontend-modules.min20c8.js]
[app.namor-ia.com/wp-includes/js/jquery/ui/core.minb37e.js]
[app.namor-ia.com/wp-content/plugins/elementor/assets/js/frontend.min20c8.js]
[app.namor-ia.com/wp-includes/js/underscore.min3ab8.js]
[app.namor-ia.com/wp-includes/js/wp-util.min32d4.js]
[app.namor-ia.com/wp-includes/js/dist/hooks.min4fdd.js]
[app.namor-ia.com/wp-includes/js/dist/i18n.minc33c.js]
[app.namor-ia.com/wp-content/plugins/ultimate-member/assets/libs/tipsy/tipsy.mina677.js]
[app.namor-ia.com/wp-content/plugins/ultimate-member/assets/libs/um-confirm/um-confirm.min5152.js]
[app.namor-ia.com/wp-content/plugins/ultimate-member/assets/libs/pickadate/picker.min822f.js]
[app.namor-ia.com/wp-content/plugins/ultimate-member/assets/libs/pickadate/picker.date.min822f.js]
[app.namor-ia.com/wp-content/plugins/ultimate-member/assets/libs/pickadate/picker.time.min822f.js]
[app.namor-ia.com/wp-content/plugins/ultimate-member/assets/libs/pickadate/translations/pt_BR.min822f.js]
[app.namor-ia.com/wp-content/plugins/ultimate-member/assets/js/common.min4d48.js]
[app.namor-ia.com/wp-content/plugins/ultimate-member/assets/libs/cropper/cropper.min51a2.js]
[app.namor-ia.com/wp-content/plugins/ultimate-member/assets/js/common-frontend.min4d48.js]
[app.namor-ia.com/wp-content/plugins/ultimate-member/assets/js/um-modal.min4d48.js]
[app.namor-ia.com/wp-content/plugins/ultimate-member/assets/libs/jquery-form/jquery-form.min4d48.js]
[app.namor-ia.com/wp-content/plugins/ultimate-member/assets/libs/fileupload/fileupload4d48.js]
[app.namor-ia.com/wp-content/plugins/ultimate-member/assets/js/um-functions.min4d48.html]
[app.namor-ia.com/wp-content/plugins/ultimate-member/assets/js/um-responsive.min4d48.html]
[app.namor-ia.com/wp-content/plugins/ultimate-member/assets/js/um-conditional.min4d48.html]
[app.namor-ia.com/wp-content/plugins/ultimate-member/assets/libs/select2/select2.full.min4819.html]
[app.namor-ia.com/wp-content/plugins/ultimate-member/assets/libs/select2/i18n/pt4819.html]
[app.namor-ia.com/wp-content/plugins/ultimate-member/assets/libs/raty/um-raty.mind315.html]
[app.namor-ia.com/wp-content/plugins/ultimate-member/assets/js/um-scripts.min4d48.html]
[app.namor-ia.com/wp-content/plugins/ultimate-member/assets/js/um-profile.min4d48.html]
[app.namor-ia.com/wp-content/plugins/ultimate-member/assets/js/um-account.min4d48.html]
[app.namor-ia.com/wp-content/plugins/elementor-pro/assets/js/webpack-pro.runtime.min3fd0.html]
[app.namor-ia.com/wp-content/plugins/elementor-pro/assets/js/frontend.min3fd0.html]
[app.namor-ia.com/wp-content/plugins/elementor-pro/assets/js/preloaded-elements-handlers.min3fd0.html]
[app.namor-ia.com/wp-content/plugins/ultimate-member/assets/img/loading.html]
[app.namor-ia.com/wp-content/plugins/ultimate-member/assets/libs/jquery-ui/images/ui-icons_444444_256x240.html]
[app.namor-ia.com/wp-content/plugins/ultimate-member/assets/libs/jquery-ui/images/ui-icons_555555_256x240.html]
[app.namor-ia.com/wp-content/plugins/ultimate-member/assets/libs/jquery-ui/images/ui-icons_ffffff_256x240.html]
[app.namor-ia.com/wp-content/plugins/ultimate-member/assets/libs/jquery-ui/images/ui-icons_777620_256x240.html]
[app.namor-ia.com/wp-content/plugins/ultimate-member/assets/libs/jquery-ui/images/ui-icons_cc0000_256x240.html]
[app.namor-ia.com/wp-content/plugins/ultimate-member/assets/libs/jquery-ui/images/ui-icons_777777_256x240.html]
[app.namor-ia.com/wp-content/plugins/ultimate-member/assets/libs/raty/font/raty.html]
[app.namor-ia.com/wp-content/plugins/ultimate-member/assets/libs/raty/font/ratyd41d.html]
[app.namor-ia.com/wp-content/plugins/ultimate-member/assets/libs/raty/font/raty-2.html]
[app.namor-ia.com/wp-content/plugins/ultimate-member/assets/libs/raty/font/raty-3.html]
[app.namor-ia.com/wp-content/plugins/ultimate-member/assets/libs/raty/font/raty-4.html]
[app.namor-ia.com/wp-content/plugins/ultimate-member/assets/libs/legacy/fonticons/font/ionicons28b5.html]
[app.namor-ia.com/wp-content/plugins/ultimate-member/assets/libs/legacy/fonticons/font/ionicons28b5-2.html]
[app.namor-ia.com/wp-content/plugins/ultimate-member/assets/libs/legacy/fonticons/font/ionicons28b5-3.html]
[app.namor-ia.com/wp-content/plugins/ultimate-member/assets/libs/legacy/fonticons/font/ionicons28b5-4.html]
[app.namor-ia.com/wp-content/plugins/ultimate-member/assets/libs/legacy/fonticons/font/fontawesome-webfont78ce.html]
[app.namor-ia.com/wp-content/plugins/ultimate-member/assets/libs/legacy/fonticons/font/fontawesome-webfont78ce-2.html]
[app.namor-ia.com/wp-content/plugins/ultimate-member/assets/libs/legacy/fonticons/font/fontawesome-webfont78ce-3.html]
[app.namor-ia.com/wp-content/plugins/ultimate-member/assets/libs/legacy/fonticons/font/fontawesome-webfont78ce-4.html]
[app.namor-ia.com/wp-content/plugins/ultimate-member/assets/img/loading-dots.html]
[app.namor-ia.com/orgia/OPR/index.html]
[app.namor-ia.com/orgia/picker.html]
[app.namor-ia.com/orgia/GET.html]
